// Jest Snapshot v1, https://goo.gl/fbAQLP

exports[`test to see if the Title renders correctly 1`] = `
<h3
  className="__duk-subtitle "
>
  Smoke Test
</h3>
`;
