// Jest Snapshot v1, https://goo.gl/fbAQLP

exports[`test to see if the Button renders correctly 1`] = `
<button
  className="__duk-button  btn btn-primary"
  disabled={false}
  onClick={[Function]}
  type="button"
>
  Smoke Test
</button>
`;
