// Jest Snapshot v1, https://goo.gl/fbAQLP

exports[`test to see if the SearchBox renders correctly 1`] = `
<form
  className="__duk-search-box  form-inline"
  onSubmit={[Function]}
>
  <div
    className="input-group"
  >
    <input
      className="form-control form-control-lg"
      onChange={[Function]}
      placeholder="Search"
      type="search"
    />
    <div
      className="input-group-append"
    >
      <button
        className="btn btn-primary btn-lg"
        disabled={false}
        type="submit"
      >
        <test-file-stub
          height="24"
          width="24"
        />
      </button>
    </div>
  </div>
</form>
`;
