// Jest Snapshot v1, https://goo.gl/fbAQLP

exports[`test to see if the Logo renders correctly 1`] = `
<test-file-stub
  className="__duk-logo "
  title=""
/>
`;
