// Jest Snapshot v1, https://goo.gl/fbAQLP

exports[`test to see if the Footer renders correctly 1`] = `
<footer
  className="__duk-footer  bg-primary text-white"
>
  Smoke Test
</footer>
`;
