// Jest Snapshot v1, https://goo.gl/fbAQLP

exports[`test to see if the NavbarItem renders correctly 1`] = `
<li
  className="breadcrumb-item"
>
  <a
    href="#"
    onClick={[Function]}
    onKeyDown={[Function]}
    role="button"
  >
    Smoke Test
  </a>
</li>
`;
