// Jest Snapshot v1, https://goo.gl/fbAQLP

exports[`test to see if the Header renders correctly 1`] = `
Array [
  <div
    className="react-bootstrap-table"
  >
    <table
      className="table __duk-paging-table undefined"
    >
      <thead>
        <tr>
          <th
            tabIndex={0}
          >
            Product ID
          </th>
          <th
            tabIndex={0}
          >
            Product Name
          </th>
          <th
            tabIndex={0}
          >
            Product Price
          </th>
        </tr>
      </thead>
      <tbody>
        <tr
          className={null}
          style={Object {}}
        >
          <td>
            1
          </td>
          <td>
            Dusk Chicken
          </td>
          <td>
            $1000
          </td>
        </tr>
      </tbody>
    </table>
  </div>,
  <div
    className="row react-bootstrap-table-pagination"
  >
    <div
      className="col-md-6 col-xs-6 col-sm-6 col-lg-6"
    />
    <div
      className="react-bootstrap-table-pagination-list col-md-6 col-xs-6 col-sm-6 col-lg-6 react-bootstrap-table-pagination-list-hidden"
    >
      <ul
        className="pagination react-bootstrap-table-page-btns-ul"
      >
        <li
          className="active page-item"
          title="1"
        >
          <a
            className="page-link"
            href="#"
            onClick={[Function]}
          >
            1
          </a>
        </li>
      </ul>
    </div>
  </div>,
]
`;
