// Jest Snapshot v1, https://goo.gl/fbAQLP

exports[`test to see if the Toggle renders correctly 1`] = `
<div
  className="react-toggle __duk-button-toggle __duk-button-toggle--primary"
  onClick={[Function]}
  onTouchEnd={[Function]}
  onTouchMove={[Function]}
  onTouchStart={[Function]}
>
  <div
    className="react-toggle-track"
  >
    <div
      className="react-toggle-track-check"
    />
    <div
      className="react-toggle-track-x"
    />
  </div>
  <div
    className="react-toggle-thumb"
  />
  <input
    aria-label=""
    className="react-toggle-screenreader-only"
    defaultChecked={false}
    disabled={false}
    id=""
    name=""
    onBlur={[Function]}
    onFocus={[Function]}
    type="checkbox"
    value=""
  />
</div>
`;
