// Jest Snapshot v1, https://goo.gl/fbAQLP

exports[`test to see if the KeyValueList renders correctly 1`] = `
<dl
  className="__duk-key-value-list "
>
  Smoke Test
</dl>
`;
