// Jest Snapshot v1, https://goo.gl/fbAQLP

exports[`test to see if the DropdownItem renders correctly 1`] = `
<a
  className="dropdown-item"
  href="#"
  onClick={[Function]}
  onKeyDown={[Function]}
  role="button"
>
  Smoke Test
</a>
`;
