// Jest Snapshot v1, https://goo.gl/fbAQLP

exports[`renders a Dropdown 1`] = `
<div
  className="__duk-dropdown  dropdown"
  onKeyDown={[Function]}
>
  <button
    aria-expanded={false}
    aria-haspopup={true}
    className="dropdown-toggle btn btn-primary"
    disabled={false}
    id="test"
    onClick={[Function]}
    type="button"
  />
</div>
`;
